  Enemy.cpp
  EnemyController.cpp
C:\Users\micha\Desktop\Heaven Sent project\Bleak-Vision\HEAVEN SENT\Heaven Sent\BLEAK VISION\EnemyController.cpp(11,12): warning C4244: 'argument': conversion from 'time_t' to 'unsigned int', possible loss of data
  Game.cpp
  GamePlay.cpp
  Help.cpp
  Level.cpp
C:\Users\micha\Desktop\Heaven Sent project\Bleak-Vision\HEAVEN SENT\Heaven Sent\BLEAK VISION\Level.cpp(12,12): warning C4244: 'argument': conversion from 'time_t' to 'unsigned int', possible loss of data
  LicenseScreen.cpp
  LongRange.cpp
  main.cpp
  MainMenu.cpp
  MediumRange.cpp
  Melee.cpp
  Player.cpp
  PlayerController.cpp
  Projectile.cpp
  ShortRange.cpp
  SkillTree.cpp
  SplashScreen.cpp
  Weapon.cpp
  Generating Code...
LINK : warning LNK4098: defaultlib 'LIBCMT' conflicts with use of other libs; use /NODEFAULTLIB:library
  BLEAK VISION.vcxproj -> C:\Users\micha\Desktop\Heaven Sent project\Bleak-Vision\HEAVEN SENT\Heaven Sent\Debug\HEAVEN SENT.exe
