  Enemy.cpp
  EnemyController.cpp
C:\Users\micha\Desktop\BLEAK VISION\Bleak-Vision\BLEAK VISION\BLEAK VISION\BLEAK VISION\EnemyController.cpp(8,12): warning C4244: 'argument': conversion from 'time_t' to 'unsigned int', possible loss of data
  Game.cpp
  Level.cpp
C:\Users\micha\Desktop\BLEAK VISION\Bleak-Vision\BLEAK VISION\BLEAK VISION\BLEAK VISION\Level.cpp(12,12): warning C4244: 'argument': conversion from 'time_t' to 'unsigned int', possible loss of data
C:\Users\micha\Desktop\BLEAK VISION\Bleak-Vision\BLEAK VISION\BLEAK VISION\BLEAK VISION\Level.cpp(55,12): warning C4244: 'initializing': conversion from 'T' to 'int', possible loss of data
C:\Users\micha\Desktop\BLEAK VISION\Bleak-Vision\BLEAK VISION\BLEAK VISION\BLEAK VISION\Level.cpp(55,12): warning C4244:         with
C:\Users\micha\Desktop\BLEAK VISION\Bleak-Vision\BLEAK VISION\BLEAK VISION\BLEAK VISION\Level.cpp(55,12): warning C4244:         [
C:\Users\micha\Desktop\BLEAK VISION\Bleak-Vision\BLEAK VISION\BLEAK VISION\BLEAK VISION\Level.cpp(55,12): warning C4244:             T=float
C:\Users\micha\Desktop\BLEAK VISION\Bleak-Vision\BLEAK VISION\BLEAK VISION\BLEAK VISION\Level.cpp(55,12): warning C4244:         ]
C:\Users\micha\Desktop\BLEAK VISION\Bleak-Vision\BLEAK VISION\BLEAK VISION\BLEAK VISION\Level.cpp(56,12): warning C4244: 'initializing': conversion from 'T' to 'int', possible loss of data
C:\Users\micha\Desktop\BLEAK VISION\Bleak-Vision\BLEAK VISION\BLEAK VISION\BLEAK VISION\Level.cpp(56,12): warning C4244:         with
C:\Users\micha\Desktop\BLEAK VISION\Bleak-Vision\BLEAK VISION\BLEAK VISION\BLEAK VISION\Level.cpp(56,12): warning C4244:         [
C:\Users\micha\Desktop\BLEAK VISION\Bleak-Vision\BLEAK VISION\BLEAK VISION\BLEAK VISION\Level.cpp(56,12): warning C4244:             T=float
C:\Users\micha\Desktop\BLEAK VISION\Bleak-Vision\BLEAK VISION\BLEAK VISION\BLEAK VISION\Level.cpp(56,12): warning C4244:         ]
  LongRange.cpp
C:\Users\micha\Desktop\BLEAK VISION\Bleak-Vision\BLEAK VISION\BLEAK VISION\BLEAK VISION\LongRange.cpp(11,24): warning C4244: 'initializing': conversion from 'double' to 'float', possible loss of data
  main.cpp
  MediumRange.cpp
C:\Users\micha\Desktop\BLEAK VISION\Bleak-Vision\BLEAK VISION\BLEAK VISION\BLEAK VISION\MediumRange.cpp(11,24): warning C4244: 'initializing': conversion from 'double' to 'float', possible loss of data
  Melee.cpp
C:\Users\micha\Desktop\BLEAK VISION\Bleak-Vision\BLEAK VISION\BLEAK VISION\BLEAK VISION\Melee.cpp(11,24): warning C4244: 'initializing': conversion from 'double' to 'float', possible loss of data
  Player.cpp
  PlayerController.cpp
  Projectile.cpp
  ShortRange.cpp
C:\Users\micha\Desktop\BLEAK VISION\Bleak-Vision\BLEAK VISION\BLEAK VISION\BLEAK VISION\ShortRange.cpp(11,24): warning C4244: 'initializing': conversion from 'double' to 'float', possible loss of data
  Weapon.cpp
  Generating code
  Previous IPDB not found, fall back to full compilation.
  All 1215 functions were compiled because no usable IPDB/IOBJ from previous compilation was found.
  Finished generating code
  BLEAK VISION.vcxproj -> C:\Users\micha\Desktop\BLEAK VISION\Bleak-Vision\BLEAK VISION\BLEAK VISION\Release\BLEAK VISION.exe
