c:\users\micha\desktop\bleak vision\bleak-vision\bleak vision\bleak vision\bleak vision\debug\vc143.pdb
c:\users\micha\desktop\bleak vision\bleak-vision\bleak vision\bleak vision\bleak vision\debug\vc143.idb
c:\users\micha\desktop\bleak vision\bleak-vision\bleak vision\bleak vision\bleak vision\debug\main.obj
c:\users\micha\desktop\bleak vision\bleak-vision\bleak vision\bleak vision\bleak vision\debug\level.obj
c:\users\micha\desktop\bleak vision\bleak-vision\bleak vision\bleak vision\bleak vision\debug\playercontroller.obj
c:\users\micha\desktop\bleak vision\bleak-vision\bleak vision\bleak vision\bleak vision\debug\player.obj
c:\users\micha\desktop\bleak vision\bleak-vision\bleak vision\bleak vision\bleak vision\debug\game.obj
c:\users\micha\desktop\bleak vision\bleak-vision\bleak vision\bleak vision\bleak vision\debug\enemy.obj
c:\users\micha\desktop\bleak vision\bleak-vision\bleak vision\bleak vision\bleak vision\debug\enemycontroller.obj
c:\users\micha\desktop\bleak vision\bleak-vision\bleak vision\bleak vision\bleak vision\debug\weapon.obj
c:\users\micha\desktop\bleak vision\bleak-vision\bleak vision\bleak vision\bleak vision\debug\melee.obj
c:\users\micha\desktop\bleak vision\bleak-vision\bleak vision\bleak vision\debug\bleak vision.exe
c:\users\micha\desktop\bleak vision\bleak-vision\bleak vision\bleak vision\debug\bleak vision.pdb
c:\users\micha\desktop\bleak vision\bleak-vision\bleak vision\bleak vision\bleak vision\debug\bleak vision.ilk
c:\users\micha\desktop\bleak vision\bleak-vision\bleak vision\bleak vision\bleak vision\debug\bleak vision.tlog\cl.command.1.tlog
c:\users\micha\desktop\bleak vision\bleak-vision\bleak vision\bleak vision\bleak vision\debug\bleak vision.tlog\cl.items.tlog
c:\users\micha\desktop\bleak vision\bleak-vision\bleak vision\bleak vision\bleak vision\debug\bleak vision.tlog\cl.read.1.tlog
c:\users\micha\desktop\bleak vision\bleak-vision\bleak vision\bleak vision\bleak vision\debug\bleak vision.tlog\cl.write.1.tlog
c:\users\micha\desktop\bleak vision\bleak-vision\bleak vision\bleak vision\bleak vision\debug\bleak vision.tlog\link.command.1.tlog
c:\users\micha\desktop\bleak vision\bleak-vision\bleak vision\bleak vision\bleak vision\debug\bleak vision.tlog\link.read.1.tlog
c:\users\micha\desktop\bleak vision\bleak-vision\bleak vision\bleak vision\bleak vision\debug\bleak vision.tlog\link.secondary.1.tlog
c:\users\micha\desktop\bleak vision\bleak-vision\bleak vision\bleak vision\bleak vision\debug\bleak vision.tlog\link.write.1.tlog
