  Enemy.cpp
  EnemyController.cpp
C:\Users\micha\Desktop\BLEAK VISION\Bleak-Vision\BLEAK VISION\BLEAK VISION\BLEAK VISION\EnemyController.cpp(11,12): warning C4244: 'argument': conversion from 'time_t' to 'unsigned int', possible loss of data
  Game.cpp
  GamePlay.cpp
  Help.cpp
  Level.cpp
C:\Users\micha\Desktop\BLEAK VISION\Bleak-Vision\BLEAK VISION\BLEAK VISION\BLEAK VISION\Level.cpp(12,12): warning C4244: 'argument': conversion from 'time_t' to 'unsigned int', possible loss of data
  LicenseScreen.cpp
  LongRange.cpp
  main.cpp
  MainMenu.cpp
  MediumRange.cpp
  Melee.cpp
  Player.cpp
  PlayerController.cpp
  Projectile.cpp
  ShortRange.cpp
  SkillTree.cpp
  SplashScreen.cpp
  Weapon.cpp
  Running Code Analysis for C/C++...
  Generating Code...
LINK : warning LNK4098: defaultlib 'LIBCMT' conflicts with use of other libs; use /NODEFAULTLIB:library
  BLEAK VISION.vcxproj -> C:\Users\micha\Desktop\BLEAK VISION\Bleak-Vision\BLEAK VISION\BLEAK VISION\Debug\BLEAK VISION.exe
C:\Users\micha\Desktop\BLEAK VISION\Bleak-Vision\BLEAK VISION\BLEAK VISION\BLEAK VISION\Game.cpp(94): warning C26819: Unannotated fallthrough between switch labels (es.78).
